// Jest Snapshot v1, https://goo.gl/fbAQLP

exports[`<EducationLevel> matches snapshot 1`] = `
<div>
  <label
    htmlFor="zzz_education_level"
  >
    Education level:
  </label>
  <dl
    className="dropdown"
    id="zzz_education_level"
  >
    <dt>
      <a
        aria-expanded="true"
        className="filter_active"
        href=""
        onClick={[Function]}
        onKeyDown={[Function]}
        role="button"
      >
        <div
          className="multiSel"
        >
          <span
            title="Masters Degree"
          >
            Masters Degree
          </span>
          <span
            title="Ph.D"
          >
            Ph.D
          </span>
        </div>
      </a>
    </dt>
    <dd>
      <div
        className="multiSelect"
      >
        <fieldset>
          <legend
            className="sr-only"
          >
            Education level:
          </legend>
          <SlideyPanel
            $={[Function]}
            component="ul"
            expanded={true}
          >
            <EducationLevelItem
              checked={false}
              id="zzz_HS"
              onCheckboxClick={[Function]}
              value="HS"
            />
            <EducationLevelItem
              checked={false}
              id="zzz_AA"
              onCheckboxClick={[Function]}
              value="AA"
            />
            <EducationLevelItem
              checked={false}
              id="zzz_BA"
              onCheckboxClick={[Function]}
              value="BA"
            />
            <EducationLevelItem
              checked={true}
              id="zzz_MA"
              onCheckboxClick={[Function]}
              value="MA"
            />
            <EducationLevelItem
              checked={true}
              id="zzz_PHD"
              onCheckboxClick={[Function]}
              value="PHD"
            />
          </SlideyPanel>
        </fieldset>
      </div>
    </dd>
  </dl>
</div>
`;
